[25-Aug-2026 17:26:07 UTC] PHP Fatal error:  Uncaught Error: Call to undefined function getData() in /workspaces/moviehub/movie.php:12
Stack trace:
#0 /workspaces/moviehub/config.php(175): require()
#1 /workspaces/moviehub/index.php(5): require_once('...')
#2 {main}
  thrown in /workspaces/moviehub/movie.php on line 12
[25-Aug-2026 17:26:31 UTC] PHP Fatal error:  Uncaught Error: Call to undefined function getData() in /workspaces/moviehub/movie.php:12
Stack trace:
#0 /workspaces/moviehub/config.php(175): require()
#1 /workspaces/moviehub/index.php(5): require_once('...')
#2 {main}
  thrown in /workspaces/moviehub/movie.php on line 12
[25-Aug-2026 18:07:12 UTC] PHP Fatal error:  Uncaught Error: Call to undefined function _e() in /workspaces/moviehub/index.php:176
Stack trace:
#0 {main}
  thrown in /workspaces/moviehub/index.php on line 176
[25-Aug-2026 18:07:12 UTC] PHP Fatal error:  Uncaught Error: Call to undefined function _e() in /workspaces/moviehub/index.php:176
Stack trace:
#0 {main}
  thrown in /workspaces/moviehub/index.php on line 176
[25-Aug-2026 18:07:32 UTC] PHP Fatal error:  Uncaught Error: Call to undefined function _e() in /workspaces/moviehub/index.php:176
Stack trace:
#0 {main}
  thrown in /workspaces/moviehub/index.php on line 176
[25-Aug-2026 18:07:32 UTC] PHP Fatal error:  Uncaught Error: Call to undefined function _e() in /workspaces/moviehub/index.php:176
Stack trace:
#0 {main}
  thrown in /workspaces/moviehub/index.php on line 176
[25-Aug-2026 18:07:47 UTC] PHP Fatal error:  Uncaught Error: Call to undefined function _e() in /workspaces/moviehub/index.php:176
Stack trace:
#0 {main}
  thrown in /workspaces/moviehub/index.php on line 176
[25-Aug-2026 18:07:47 UTC] PHP Fatal error:  Uncaught Error: Call to undefined function _e() in /workspaces/moviehub/index.php:176
Stack trace:
#0 {main}
  thrown in /workspaces/moviehub/index.php on line 176
[25-Aug-2026 18:08:11 UTC] PHP Fatal error:  Uncaught Error: Call to undefined function _e() in /workspaces/moviehub/index.php:176
Stack trace:
#0 {main}
  thrown in /workspaces/moviehub/index.php on line 176
